------------------------------------------------------------
Timing Analyzer Summary
------------------------------------------------------------

Type  : Slow 1100mV 85C Model Setup 'CLOCK_50'
Slack : -8.775
TNS   : -3649.230

Type  : Slow 1100mV 85C Model Hold 'CLOCK_50'
Slack : 0.467
TNS   : 0.000

Type  : Slow 1100mV 85C Model Recovery 'KEY[0]'
Slack : -3.550
TNS   : -3.550

Type  : Slow 1100mV 85C Model Removal 'KEY[0]'
Slack : 1.523
TNS   : 0.000

Type  : Slow 1100mV 85C Model Minimum Pulse Width 'CLOCK_50'
Slack : -0.538
TNS   : -516.961

Type  : Slow 1100mV 85C Model Minimum Pulse Width 'KEY[0]'
Slack : -0.538
TNS   : -0.810

Type  : Slow 1100mV 0C Model Setup 'CLOCK_50'
Slack : -8.879
TNS   : -3521.823

Type  : Slow 1100mV 0C Model Hold 'CLOCK_50'
Slack : 0.495
TNS   : 0.000

Type  : Slow 1100mV 0C Model Recovery 'KEY[0]'
Slack : -3.781
TNS   : -3.781

Type  : Slow 1100mV 0C Model Removal 'KEY[0]'
Slack : 1.645
TNS   : 0.000

Type  : Slow 1100mV 0C Model Minimum Pulse Width 'CLOCK_50'
Slack : -0.538
TNS   : -459.227

Type  : Slow 1100mV 0C Model Minimum Pulse Width 'KEY[0]'
Slack : -0.538
TNS   : -0.796

Type  : Fast 1100mV 85C Model Setup 'CLOCK_50'
Slack : -3.951
TNS   : -1699.444

Type  : Fast 1100mV 85C Model Hold 'CLOCK_50'
Slack : 0.184
TNS   : 0.000

Type  : Fast 1100mV 85C Model Recovery 'KEY[0]'
Slack : -1.425
TNS   : -1.425

Type  : Fast 1100mV 85C Model Removal 'KEY[0]'
Slack : 0.453
TNS   : 0.000

Type  : Fast 1100mV 85C Model Minimum Pulse Width 'CLOCK_50'
Slack : -0.409
TNS   : -264.218

Type  : Fast 1100mV 85C Model Minimum Pulse Width 'KEY[0]'
Slack : -0.353
TNS   : -0.993

Type  : Fast 1100mV 0C Model Setup 'CLOCK_50'
Slack : -3.517
TNS   : -1453.125

Type  : Fast 1100mV 0C Model Hold 'CLOCK_50'
Slack : 0.174
TNS   : 0.000

Type  : Fast 1100mV 0C Model Recovery 'KEY[0]'
Slack : -1.226
TNS   : -1.226

Type  : Fast 1100mV 0C Model Removal 'KEY[0]'
Slack : 0.409
TNS   : 0.000

Type  : Fast 1100mV 0C Model Minimum Pulse Width 'CLOCK_50'
Slack : -0.446
TNS   : -316.180

Type  : Fast 1100mV 0C Model Minimum Pulse Width 'KEY[0]'
Slack : -0.406
TNS   : -1.232

------------------------------------------------------------
