Analysis & Synthesis report for computador
Mon Sep 27 23:18:24 2021
Quartus Prime Version 20.1.0 Build 711 06/05/2020 SJ Lite Edition


---------------------
; Table of Contents ;
---------------------
  1. Legal Notice
  2. Analysis & Synthesis Summary
  3. Analysis & Synthesis Settings
  4. Parallel Compilation
  5. Analysis & Synthesis Source Files Read
  6. Analysis & Synthesis Resource Usage Summary
  7. Analysis & Synthesis Resource Utilization by Entity
  8. Registers Removed During Synthesis
  9. General Register Statistics
 10. Multiplexer Restructuring Statistics (Restructuring Performed)
 11. Parameter Settings for User Entity Instance: Top-level Entity: |computador
 12. Parameter Settings for User Entity Instance: CPU:CPU
 13. Parameter Settings for User Entity Instance: CPU:CPU|muxGenerico2x1:MUX1
 14. Parameter Settings for User Entity Instance: CPU:CPU|registradorGenerico:REG_A
 15. Parameter Settings for User Entity Instance: CPU:CPU|ULASomaSub:ULA1
 16. Parameter Settings for User Entity Instance: CPU:CPU|decoder:DECODER
 17. Parameter Settings for User Entity Instance: CPU:CPU|proxima_instrucao:INSTR
 18. Parameter Settings for User Entity Instance: CPU:CPU|proxima_instrucao:INSTR|registradorGenerico:PC
 19. Parameter Settings for User Entity Instance: CPU:CPU|proxima_instrucao:INSTR|soma_constante:SOMA_CONST
 20. Parameter Settings for User Entity Instance: CPU:CPU|proxima_instrucao:INSTR|registradorGenerico:END_RETORNO
 21. Parameter Settings for User Entity Instance: CPU:CPU|proxima_instrucao:INSTR|muxGenerico4x1:MUX2
 22. Parameter Settings for User Entity Instance: memoriaRAM:RAM
 23. Parameter Settings for User Entity Instance: memoriaROM:ROM
 24. Parameter Settings for User Entity Instance: decoder1:DECODER0
 25. Parameter Settings for User Entity Instance: decoder1:DECODER1
 26. Parameter Settings for User Entity Instance: led_r:LEDs_R
 27. Parameter Settings for User Entity Instance: led_r:LEDs_R|registradorGenerico:REG_8bits
 28. Port Connectivity Checks: "led_r:LEDs_R|registradorGenerico:REG_8bits"
 29. Port Connectivity Checks: "led_solo:FLIP_0|flipflopGenerico:FLIPS"
 30. Port Connectivity Checks: "decoder1:DECODER1"
 31. Port Connectivity Checks: "decoder1:DECODER0"
 32. Port Connectivity Checks: "CPU:CPU|proxima_instrucao:INSTR|muxGenerico4x1:MUX2"
 33. Port Connectivity Checks: "CPU:CPU|proxima_instrucao:INSTR|registradorGenerico:END_RETORNO"
 34. Port Connectivity Checks: "CPU:CPU|proxima_instrucao:INSTR|registradorGenerico:PC"
 35. Port Connectivity Checks: "CPU:CPU|flipflopGenerico:FLAG"
 36. Port Connectivity Checks: "CPU:CPU|registradorGenerico:REG_A"
 37. Post-Synthesis Netlist Statistics for Top Partition
 38. Elapsed Time Per Partition
 39. Analysis & Synthesis Messages



----------------
; Legal Notice ;
----------------
Copyright (C) 2020  Intel Corporation. All rights reserved.
Your use of Intel Corporation's design tools, logic functions 
and other software and tools, and any partner logic 
functions, and any output files from any of the foregoing 
(including device programming or simulation files), and any 
associated documentation or information are expressly subject 
to the terms and conditions of the Intel Program License 
Subscription Agreement, the Intel Quartus Prime License Agreement,
the Intel FPGA IP License Agreement, or other applicable license
agreement, including, without limitation, that your use is for
the sole purpose of programming logic devices manufactured by
Intel and sold by Intel or its authorized distributors.  Please
refer to the applicable agreement for further details, at
https://fpgasoftware.intel.com/eula.



+-------------------------------------------------------------------------------+
; Analysis & Synthesis Summary                                                  ;
+---------------------------------+---------------------------------------------+
; Analysis & Synthesis Status     ; Successful - Mon Sep 27 23:18:24 2021       ;
; Quartus Prime Version           ; 20.1.0 Build 711 06/05/2020 SJ Lite Edition ;
; Revision Name                   ; computador                                  ;
; Top-level Entity Name           ; computador                                  ;
; Family                          ; Cyclone V                                   ;
; Logic utilization (in ALMs)     ; N/A                                         ;
; Total registers                 ; 0                                           ;
; Total pins                      ; 43                                          ;
; Total virtual pins              ; 0                                           ;
; Total block memory bits         ; 0                                           ;
; Total DSP Blocks                ; 0                                           ;
; Total HSSI RX PCSs              ; 0                                           ;
; Total HSSI PMA RX Deserializers ; 0                                           ;
; Total HSSI TX PCSs              ; 0                                           ;
; Total HSSI PMA TX Serializers   ; 0                                           ;
; Total PLLs                      ; 0                                           ;
; Total DLLs                      ; 0                                           ;
+---------------------------------+---------------------------------------------+


+---------------------------------------------------------------------------------------------------------------------------+
; Analysis & Synthesis Settings                                                                                             ;
+---------------------------------------------------------------------------------+--------------------+--------------------+
; Option                                                                          ; Setting            ; Default Value      ;
+---------------------------------------------------------------------------------+--------------------+--------------------+
; Device                                                                          ; 5CEBA4F23C7        ;                    ;
; Top-level entity name                                                           ; computador         ; computador         ;
; Family name                                                                     ; Cyclone V          ; Cyclone V          ;
; Maximum processors allowed for parallel compilation                             ; All                ;                    ;
; VHDL Show LMF Mapping Messages                                                  ; Off                ;                    ;
; VHDL Version                                                                    ; VHDL_2008          ; VHDL_1993          ;
; Use smart compilation                                                           ; Off                ; Off                ;
; Enable parallel Assembler and Timing Analyzer during compilation                ; On                 ; On                 ;
; Enable compact report table                                                     ; Off                ; Off                ;
; Restructure Multiplexers                                                        ; Auto               ; Auto               ;
; MLAB Add Timing Constraints For Mixed-Port Feed-Through Mode Setting Don't Care ; Off                ; Off                ;
; Create Debugging Nodes for IP Cores                                             ; Off                ; Off                ;
; Preserve fewer node names                                                       ; On                 ; On                 ;
; Intel FPGA IP Evaluation Mode                                                   ; Enable             ; Enable             ;
; Verilog Version                                                                 ; Verilog_2001       ; Verilog_2001       ;
; State Machine Processing                                                        ; Auto               ; Auto               ;
; Safe State Machine                                                              ; Off                ; Off                ;
; Extract Verilog State Machines                                                  ; On                 ; On                 ;
; Extract VHDL State Machines                                                     ; On                 ; On                 ;
; Ignore Verilog initial constructs                                               ; Off                ; Off                ;
; Iteration limit for constant Verilog loops                                      ; 5000               ; 5000               ;
; Iteration limit for non-constant Verilog loops                                  ; 250                ; 250                ;
; Add Pass-Through Logic to Inferred RAMs                                         ; On                 ; On                 ;
; Infer RAMs from Raw Logic                                                       ; On                 ; On                 ;
; Parallel Synthesis                                                              ; On                 ; On                 ;
; DSP Block Balancing                                                             ; Auto               ; Auto               ;
; NOT Gate Push-Back                                                              ; On                 ; On                 ;
; Power-Up Don't Care                                                             ; On                 ; On                 ;
; Remove Redundant Logic Cells                                                    ; Off                ; Off                ;
; Remove Duplicate Registers                                                      ; On                 ; On                 ;
; Ignore CARRY Buffers                                                            ; Off                ; Off                ;
; Ignore CASCADE Buffers                                                          ; Off                ; Off                ;
; Ignore GLOBAL Buffers                                                           ; Off                ; Off                ;
; Ignore ROW GLOBAL Buffers                                                       ; Off                ; Off                ;
; Ignore LCELL Buffers                                                            ; Off                ; Off                ;
; Ignore SOFT Buffers                                                             ; On                 ; On                 ;
; Limit AHDL Integers to 32 Bits                                                  ; Off                ; Off                ;
; Optimization Technique                                                          ; Balanced           ; Balanced           ;
; Carry Chain Length                                                              ; 70                 ; 70                 ;
; Auto Carry Chains                                                               ; On                 ; On                 ;
; Auto Open-Drain Pins                                                            ; On                 ; On                 ;
; Perform WYSIWYG Primitive Resynthesis                                           ; Off                ; Off                ;
; Auto ROM Replacement                                                            ; On                 ; On                 ;
; Auto RAM Replacement                                                            ; On                 ; On                 ;
; Auto DSP Block Replacement                                                      ; On                 ; On                 ;
; Auto Shift Register Replacement                                                 ; Auto               ; Auto               ;
; Allow Shift Register Merging across Hierarchies                                 ; Auto               ; Auto               ;
; Auto Clock Enable Replacement                                                   ; On                 ; On                 ;
; Strict RAM Replacement                                                          ; Off                ; Off                ;
; Allow Synchronous Control Signals                                               ; On                 ; On                 ;
; Force Use of Synchronous Clear Signals                                          ; Off                ; Off                ;
; Auto Resource Sharing                                                           ; Off                ; Off                ;
; Allow Any RAM Size For Recognition                                              ; Off                ; Off                ;
; Allow Any ROM Size For Recognition                                              ; Off                ; Off                ;
; Allow Any Shift Register Size For Recognition                                   ; Off                ; Off                ;
; Use LogicLock Constraints during Resource Balancing                             ; On                 ; On                 ;
; Ignore translate_off and synthesis_off directives                               ; Off                ; Off                ;
; Timing-Driven Synthesis                                                         ; On                 ; On                 ;
; Report Parameter Settings                                                       ; On                 ; On                 ;
; Report Source Assignments                                                       ; On                 ; On                 ;
; Report Connectivity Checks                                                      ; On                 ; On                 ;
; Ignore Maximum Fan-Out Assignments                                              ; Off                ; Off                ;
; Synchronization Register Chain Length                                           ; 3                  ; 3                  ;
; Power Optimization During Synthesis                                             ; Normal compilation ; Normal compilation ;
; HDL message level                                                               ; Level2             ; Level2             ;
; Suppress Register Optimization Related Messages                                 ; Off                ; Off                ;
; Number of Removed Registers Reported in Synthesis Report                        ; 5000               ; 5000               ;
; Number of Swept Nodes Reported in Synthesis Report                              ; 5000               ; 5000               ;
; Number of Inverted Registers Reported in Synthesis Report                       ; 100                ; 100                ;
; Clock MUX Protection                                                            ; On                 ; On                 ;
; Auto Gated Clock Conversion                                                     ; Off                ; Off                ;
; Block Design Naming                                                             ; Auto               ; Auto               ;
; SDC constraint protection                                                       ; Off                ; Off                ;
; Synthesis Effort                                                                ; Auto               ; Auto               ;
; Shift Register Replacement - Allow Asynchronous Clear Signal                    ; On                 ; On                 ;
; Pre-Mapping Resynthesis Optimization                                            ; Off                ; Off                ;
; Analysis & Synthesis Message Level                                              ; Medium             ; Medium             ;
; Disable Register Merging Across Hierarchies                                     ; Auto               ; Auto               ;
; Resource Aware Inference For Block RAM                                          ; On                 ; On                 ;
; Automatic Parallel Synthesis                                                    ; On                 ; On                 ;
; Partial Reconfiguration Bitstream ID                                            ; Off                ; Off                ;
+---------------------------------------------------------------------------------+--------------------+--------------------+


+------------------------------------------+
; Parallel Compilation                     ;
+----------------------------+-------------+
; Processors                 ; Number      ;
+----------------------------+-------------+
; Number detected on machine ; 4           ;
; Maximum allowed            ; 2           ;
;                            ;             ;
; Average used               ; 1.00        ;
; Maximum used               ; 1           ;
;                            ;             ;
; Usage by Processor         ; % Time Used ;
;     Processor 1            ; 100.0%      ;
+----------------------------+-------------+


+--------------------------------------------------------------------------------------------------------------------------------------------------------------------------------+
; Analysis & Synthesis Source Files Read                                                                                                                                         ;
+----------------------------------+-----------------+-----------------+-----------------------------------------------------------------------------------------------+---------+
; File Name with User-Entered Path ; Used in Netlist ; File Type       ; File Name with Absolute Path                                                                  ; Library ;
+----------------------------------+-----------------+-----------------+-----------------------------------------------------------------------------------------------+---------+
; ULASomaSub.vhd                   ; yes             ; User VHDL File  ; /home/leviosa/Documents/Insper/Design de Computadores/descomp/aula_05/ULASomaSub.vhd          ;         ;
; soma_constante.vhd               ; yes             ; User VHDL File  ; /home/leviosa/Documents/Insper/Design de Computadores/descomp/aula_05/soma_constante.vhd      ;         ;
; registradorGenerico.vhd          ; yes             ; User VHDL File  ; /home/leviosa/Documents/Insper/Design de Computadores/descomp/aula_05/registradorGenerico.vhd ;         ;
; proxima_instrucao.vhd            ; yes             ; User VHDL File  ; /home/leviosa/Documents/Insper/Design de Computadores/descomp/aula_05/proxima_instrucao.vhd   ;         ;
; muxGenerico2x1.vhd               ; yes             ; User VHDL File  ; /home/leviosa/Documents/Insper/Design de Computadores/descomp/aula_05/muxGenerico2x1.vhd      ;         ;
; memoriaROM.vhd                   ; yes             ; User VHDL File  ; /home/leviosa/Documents/Insper/Design de Computadores/descomp/aula_05/memoriaROM.vhd          ;         ;
; memoriaRAM.vhd                   ; yes             ; User VHDL File  ; /home/leviosa/Documents/Insper/Design de Computadores/descomp/aula_05/memoriaRAM.vhd          ;         ;
; decoder.vhd                      ; yes             ; User VHDL File  ; /home/leviosa/Documents/Insper/Design de Computadores/descomp/aula_05/decoder.vhd             ;         ;
; computer_constants.vhd           ; yes             ; User VHDL File  ; /home/leviosa/Documents/Insper/Design de Computadores/descomp/aula_05/computer_constants.vhd  ;         ;
; computador.vhd                   ; yes             ; User VHDL File  ; /home/leviosa/Documents/Insper/Design de Computadores/descomp/aula_05/computador.vhd          ;         ;
; logica_desvio.vhd                ; yes             ; User VHDL File  ; /home/leviosa/Documents/Insper/Design de Computadores/descomp/aula_05/logica_desvio.vhd       ;         ;
; flipflopGenerico.vhd             ; yes             ; User VHDL File  ; /home/leviosa/Documents/Insper/Design de Computadores/descomp/aula_05/flipflopGenerico.vhd    ;         ;
; muxGenerico4x1.vhd               ; yes             ; User VHDL File  ; /home/leviosa/Documents/Insper/Design de Computadores/descomp/aula_05/muxGenerico4x1.vhd      ;         ;
; CPU.vhd                          ; yes             ; User VHDL File  ; /home/leviosa/Documents/Insper/Design de Computadores/descomp/aula_05/CPU.vhd                 ;         ;
; decoder1.vhd                     ; yes             ; User VHDL File  ; /home/leviosa/Documents/Insper/Design de Computadores/descomp/aula_05/decoder1.vhd            ;         ;
; led_r.vhd                        ; yes             ; User VHDL File  ; /home/leviosa/Documents/Insper/Design de Computadores/descomp/aula_05/led_r.vhd               ;         ;
; led_solo.vhd                     ; yes             ; User VHDL File  ; /home/leviosa/Documents/Insper/Design de Computadores/descomp/aula_05/led_solo.vhd            ;         ;
+----------------------------------+-----------------+-----------------+-----------------------------------------------------------------------------------------------+---------+


+-----------------------------------------------------+
; Analysis & Synthesis Resource Usage Summary         ;
+---------------------------------------------+-------+
; Resource                                    ; Usage ;
+---------------------------------------------+-------+
; Estimate of Logic utilization (ALMs needed) ; 0     ;
;                                             ;       ;
; Combinational ALUT usage for logic          ; 0     ;
;     -- 7 input functions                    ; 0     ;
;     -- 6 input functions                    ; 0     ;
;     -- 5 input functions                    ; 0     ;
;     -- 4 input functions                    ; 0     ;
;     -- <=3 input functions                  ; 0     ;
;                                             ;       ;
; Dedicated logic registers                   ; 0     ;
;                                             ;       ;
; I/O pins                                    ; 43    ;
;                                             ;       ;
; Total DSP Blocks                            ; 0     ;
;                                             ;       ;
; Maximum fan-out node                        ; CLOCK ;
; Maximum fan-out                             ; 1     ;
; Total fan-out                               ; 43    ;
; Average fan-out                             ; 0.50  ;
+---------------------------------------------+-------+


+----------------------------------------------------------------------------------------------------------------------------------------------------------------------------------------+
; Analysis & Synthesis Resource Utilization by Entity                                                                                                                                    ;
+----------------------------+---------------------+---------------------------+-------------------+------------+------+--------------+---------------------+-------------+--------------+
; Compilation Hierarchy Node ; Combinational ALUTs ; Dedicated Logic Registers ; Block Memory Bits ; DSP Blocks ; Pins ; Virtual Pins ; Full Hierarchy Name ; Entity Name ; Library Name ;
+----------------------------+---------------------+---------------------------+-------------------+------------+------+--------------+---------------------+-------------+--------------+
; |computador                ; 0 (0)               ; 0 (0)                     ; 0                 ; 0          ; 43   ; 0            ; |computador         ; computador  ; work         ;
+----------------------------+---------------------+---------------------------+-------------------+------------+------+--------------+---------------------+-------------+--------------+
Note: For table entries with two numbers listed, the numbers in parentheses indicate the number of resources of the given type used by the specific entity alone. The numbers listed outside of parentheses indicate the total resources of the given type used by the specific entity and all of its sub-entities in the hierarchy.


+-----------------------------------------------------------------------------------------------------+
; Registers Removed During Synthesis                                                                  ;
+-------------------------------------------------------+---------------------------------------------+
; Register name                                         ; Reason for Removal                          ;
+-------------------------------------------------------+---------------------------------------------+
; led_r:LEDs_R|registradorGenerico:REG_8bits|DOUT[0..7] ; Stuck at GND due to stuck port clock_enable ;
; led_solo:FLIP_1|flipflopGenerico:FLIPS|DOUT           ; Stuck at GND due to stuck port clock_enable ;
; led_solo:FLIP_0|flipflopGenerico:FLIPS|DOUT           ; Stuck at GND due to stuck port clock_enable ;
; CPU:CPU|registradorGenerico:REG_A|DOUT[0..7]          ; Stuck at GND due to stuck port clock_enable ;
; Total Number of Removed Registers = 18                ;                                             ;
+-------------------------------------------------------+---------------------------------------------+


+------------------------------------------------------+
; General Register Statistics                          ;
+----------------------------------------------+-------+
; Statistic                                    ; Value ;
+----------------------------------------------+-------+
; Total registers                              ; 0     ;
; Number of registers using Synchronous Clear  ; 0     ;
; Number of registers using Synchronous Load   ; 0     ;
; Number of registers using Asynchronous Clear ; 0     ;
; Number of registers using Asynchronous Load  ; 0     ;
; Number of registers using Clock Enable       ; 0     ;
; Number of registers using Preset             ; 0     ;
+----------------------------------------------+-------+


+-------------------------------------------------------------------------------------------------------------------------------------------------------------+
; Multiplexer Restructuring Statistics (Restructuring Performed)                                                                                              ;
+--------------------+-----------+---------------+----------------------+------------------------+------------+-----------------------------------------------+
; Multiplexer Inputs ; Bus Width ; Baseline Area ; Area if Restructured ; Saving if Restructured ; Registered ; Example Multiplexer Output                    ;
+--------------------+-----------+---------------+----------------------+------------------------+------------+-----------------------------------------------+
; 3:1                ; 3 bits    ; 6 LEs         ; 6 LEs                ; 0 LEs                  ; No         ; |computador|CPU:CPU|decoder:DECODER|OP_ULA[1] ;
+--------------------+-----------+---------------+----------------------+------------------------+------------+-----------------------------------------------+


+----------------------------------------------------------------------------+
; Parameter Settings for User Entity Instance: Top-level Entity: |computador ;
+----------------+-------+---------------------------------------------------+
; Parameter Name ; Value ; Type                                              ;
+----------------+-------+---------------------------------------------------+
; larguraDados   ; 8     ; Signed Integer                                    ;
; simulacao      ; true  ; Enumerated                                        ;
+----------------+-------+---------------------------------------------------+
Note: In order to hide this table in the UI and the text report file, please set the "Show Parameter Settings in Synthesis Report" option in "Analysis and Synthesis Settings -> More Settings" to "Off".


+------------------------------------------------------+
; Parameter Settings for User Entity Instance: CPU:CPU ;
+----------------+-------+-----------------------------+
; Parameter Name ; Value ; Type                        ;
+----------------+-------+-----------------------------+
; larguradados   ; 8     ; Signed Integer              ;
; simulacao      ; true  ; Enumerated                  ;
+----------------+-------+-----------------------------+
Note: In order to hide this table in the UI and the text report file, please set the "Show Parameter Settings in Synthesis Report" option in "Analysis and Synthesis Settings -> More Settings" to "Off".


+--------------------------------------------------------------------------+
; Parameter Settings for User Entity Instance: CPU:CPU|muxGenerico2x1:MUX1 ;
+----------------+-------+-------------------------------------------------+
; Parameter Name ; Value ; Type                                            ;
+----------------+-------+-------------------------------------------------+
; larguradados   ; 8     ; Signed Integer                                  ;
+----------------+-------+-------------------------------------------------+
Note: In order to hide this table in the UI and the text report file, please set the "Show Parameter Settings in Synthesis Report" option in "Analysis and Synthesis Settings -> More Settings" to "Off".


+--------------------------------------------------------------------------------+
; Parameter Settings for User Entity Instance: CPU:CPU|registradorGenerico:REG_A ;
+----------------+-------+-------------------------------------------------------+
; Parameter Name ; Value ; Type                                                  ;
+----------------+-------+-------------------------------------------------------+
; larguradados   ; 8     ; Signed Integer                                        ;
+----------------+-------+-------------------------------------------------------+
Note: In order to hide this table in the UI and the text report file, please set the "Show Parameter Settings in Synthesis Report" option in "Analysis and Synthesis Settings -> More Settings" to "Off".


+----------------------------------------------------------------------+
; Parameter Settings for User Entity Instance: CPU:CPU|ULASomaSub:ULA1 ;
+----------------+-------+---------------------------------------------+
; Parameter Name ; Value ; Type                                        ;
+----------------+-------+---------------------------------------------+
; larguradados   ; 8     ; Signed Integer                              ;
+----------------+-------+---------------------------------------------+
Note: In order to hide this table in the UI and the text report file, please set the "Show Parameter Settings in Synthesis Report" option in "Analysis and Synthesis Settings -> More Settings" to "Off".


+----------------------------------------------------------------------+
; Parameter Settings for User Entity Instance: CPU:CPU|decoder:DECODER ;
+----------------+-------+---------------------------------------------+
; Parameter Name ; Value ; Type                                        ;
+----------------+-------+---------------------------------------------+
; data_width     ; 4     ; Signed Integer                              ;
+----------------+-------+---------------------------------------------+
Note: In order to hide this table in the UI and the text report file, please set the "Show Parameter Settings in Synthesis Report" option in "Analysis and Synthesis Settings -> More Settings" to "Off".


+------------------------------------------------------------------------------+
; Parameter Settings for User Entity Instance: CPU:CPU|proxima_instrucao:INSTR ;
+----------------+-------+-----------------------------------------------------+
; Parameter Name ; Value ; Type                                                ;
+----------------+-------+-----------------------------------------------------+
; data_width     ; 8     ; Signed Integer                                      ;
+----------------+-------+-----------------------------------------------------+
Note: In order to hide this table in the UI and the text report file, please set the "Show Parameter Settings in Synthesis Report" option in "Analysis and Synthesis Settings -> More Settings" to "Off".


+-----------------------------------------------------------------------------------------------------+
; Parameter Settings for User Entity Instance: CPU:CPU|proxima_instrucao:INSTR|registradorGenerico:PC ;
+----------------+-------+----------------------------------------------------------------------------+
; Parameter Name ; Value ; Type                                                                       ;
+----------------+-------+----------------------------------------------------------------------------+
; larguradados   ; 9     ; Signed Integer                                                             ;
+----------------+-------+----------------------------------------------------------------------------+
Note: In order to hide this table in the UI and the text report file, please set the "Show Parameter Settings in Synthesis Report" option in "Analysis and Synthesis Settings -> More Settings" to "Off".


+--------------------------------------------------------------------------------------------------------+
; Parameter Settings for User Entity Instance: CPU:CPU|proxima_instrucao:INSTR|soma_constante:SOMA_CONST ;
+----------------+-------+-------------------------------------------------------------------------------+
; Parameter Name ; Value ; Type                                                                          ;
+----------------+-------+-------------------------------------------------------------------------------+
; data_width     ; 9     ; Signed Integer                                                                ;
; const          ; 1     ; Signed Integer                                                                ;
+----------------+-------+-------------------------------------------------------------------------------+
Note: In order to hide this table in the UI and the text report file, please set the "Show Parameter Settings in Synthesis Report" option in "Analysis and Synthesis Settings -> More Settings" to "Off".


+--------------------------------------------------------------------------------------------------------------+
; Parameter Settings for User Entity Instance: CPU:CPU|proxima_instrucao:INSTR|registradorGenerico:END_RETORNO ;
+----------------+-------+-------------------------------------------------------------------------------------+
; Parameter Name ; Value ; Type                                                                                ;
+----------------+-------+-------------------------------------------------------------------------------------+
; larguradados   ; 9     ; Signed Integer                                                                      ;
+----------------+-------+-------------------------------------------------------------------------------------+
Note: In order to hide this table in the UI and the text report file, please set the "Show Parameter Settings in Synthesis Report" option in "Analysis and Synthesis Settings -> More Settings" to "Off".


+--------------------------------------------------------------------------------------------------+
; Parameter Settings for User Entity Instance: CPU:CPU|proxima_instrucao:INSTR|muxGenerico4x1:MUX2 ;
+----------------+-------+-------------------------------------------------------------------------+
; Parameter Name ; Value ; Type                                                                    ;
+----------------+-------+-------------------------------------------------------------------------+
; larguradados   ; 9     ; Signed Integer                                                          ;
+----------------+-------+-------------------------------------------------------------------------+
Note: In order to hide this table in the UI and the text report file, please set the "Show Parameter Settings in Synthesis Report" option in "Analysis and Synthesis Settings -> More Settings" to "Off".


+-------------------------------------------------------------+
; Parameter Settings for User Entity Instance: memoriaRAM:RAM ;
+----------------+-------+------------------------------------+
; Parameter Name ; Value ; Type                               ;
+----------------+-------+------------------------------------+
; datawidth      ; 8     ; Signed Integer                     ;
; addrwidth      ; 6     ; Signed Integer                     ;
+----------------+-------+------------------------------------+
Note: In order to hide this table in the UI and the text report file, please set the "Show Parameter Settings in Synthesis Report" option in "Analysis and Synthesis Settings -> More Settings" to "Off".


+-------------------------------------------------------------+
; Parameter Settings for User Entity Instance: memoriaROM:ROM ;
+----------------+-------+------------------------------------+
; Parameter Name ; Value ; Type                               ;
+----------------+-------+------------------------------------+
; datawidth      ; 13    ; Signed Integer                     ;
; addrwidth      ; 9     ; Signed Integer                     ;
+----------------+-------+------------------------------------+
Note: In order to hide this table in the UI and the text report file, please set the "Show Parameter Settings in Synthesis Report" option in "Analysis and Synthesis Settings -> More Settings" to "Off".


+----------------------------------------------------------------+
; Parameter Settings for User Entity Instance: decoder1:DECODER0 ;
+----------------+-------+---------------------------------------+
; Parameter Name ; Value ; Type                                  ;
+----------------+-------+---------------------------------------+
; data_width     ; 3     ; Signed Integer                        ;
+----------------+-------+---------------------------------------+
Note: In order to hide this table in the UI and the text report file, please set the "Show Parameter Settings in Synthesis Report" option in "Analysis and Synthesis Settings -> More Settings" to "Off".


+----------------------------------------------------------------+
; Parameter Settings for User Entity Instance: decoder1:DECODER1 ;
+----------------+-------+---------------------------------------+
; Parameter Name ; Value ; Type                                  ;
+----------------+-------+---------------------------------------+
; data_width     ; 3     ; Signed Integer                        ;
+----------------+-------+---------------------------------------+
Note: In order to hide this table in the UI and the text report file, please set the "Show Parameter Settings in Synthesis Report" option in "Analysis and Synthesis Settings -> More Settings" to "Off".


+-----------------------------------------------------------+
; Parameter Settings for User Entity Instance: led_r:LEDs_R ;
+----------------+-------+----------------------------------+
; Parameter Name ; Value ; Type                             ;
+----------------+-------+----------------------------------+
; data_width     ; 8     ; Signed Integer                   ;
+----------------+-------+----------------------------------+
Note: In order to hide this table in the UI and the text report file, please set the "Show Parameter Settings in Synthesis Report" option in "Analysis and Synthesis Settings -> More Settings" to "Off".


+-----------------------------------------------------------------------------------------+
; Parameter Settings for User Entity Instance: led_r:LEDs_R|registradorGenerico:REG_8bits ;
+----------------+-------+----------------------------------------------------------------+
; Parameter Name ; Value ; Type                                                           ;
+----------------+-------+----------------------------------------------------------------+
; larguradados   ; 8     ; Signed Integer                                                 ;
+----------------+-------+----------------------------------------------------------------+
Note: In order to hide this table in the UI and the text report file, please set the "Show Parameter Settings in Synthesis Report" option in "Analysis and Synthesis Settings -> More Settings" to "Off".


+------------------------------------------------------------------------+
; Port Connectivity Checks: "led_r:LEDs_R|registradorGenerico:REG_8bits" ;
+------+-------+----------+----------------------------------------------+
; Port ; Type  ; Severity ; Details                                      ;
+------+-------+----------+----------------------------------------------+
; rst  ; Input ; Info     ; Stuck at GND                                 ;
+------+-------+----------+----------------------------------------------+


+--------------------------------------------------------------------+
; Port Connectivity Checks: "led_solo:FLIP_0|flipflopGenerico:FLIPS" ;
+------+-------+----------+------------------------------------------+
; Port ; Type  ; Severity ; Details                                  ;
+------+-------+----------+------------------------------------------+
; rst  ; Input ; Info     ; Stuck at GND                             ;
+------+-------+----------+------------------------------------------+


+-----------------------------------------------------------------------------------------------------------------------+
; Port Connectivity Checks: "decoder1:DECODER1"                                                                         ;
+-------------+--------+----------+-------------------------------------------------------------------------------------+
; Port        ; Type   ; Severity ; Details                                                                             ;
+-------------+--------+----------+-------------------------------------------------------------------------------------+
; saida[7..3] ; Output ; Info     ; Connected to dangling logic. Logic that only feeds a dangling port will be removed. ;
+-------------+--------+----------+-------------------------------------------------------------------------------------+


+-----------------------------------------------------------------------------------------------------------------------+
; Port Connectivity Checks: "decoder1:DECODER0"                                                                         ;
+-------------+--------+----------+-------------------------------------------------------------------------------------+
; Port        ; Type   ; Severity ; Details                                                                             ;
+-------------+--------+----------+-------------------------------------------------------------------------------------+
; saida[7..5] ; Output ; Info     ; Connected to dangling logic. Logic that only feeds a dangling port will be removed. ;
; saida[3..0] ; Output ; Info     ; Connected to dangling logic. Logic that only feeds a dangling port will be removed. ;
+-------------+--------+----------+-------------------------------------------------------------------------------------+


+---------------------------------------------------------------------------------+
; Port Connectivity Checks: "CPU:CPU|proxima_instrucao:INSTR|muxGenerico4x1:MUX2" ;
+------+-------+----------+-------------------------------------------------------+
; Port ; Type  ; Severity ; Details                                               ;
+------+-------+----------+-------------------------------------------------------+
; e3   ; Input ; Info     ; Stuck at GND                                          ;
+------+-------+----------+-------------------------------------------------------+


+---------------------------------------------------------------------------------------------+
; Port Connectivity Checks: "CPU:CPU|proxima_instrucao:INSTR|registradorGenerico:END_RETORNO" ;
+------+-------+----------+-------------------------------------------------------------------+
; Port ; Type  ; Severity ; Details                                                           ;
+------+-------+----------+-------------------------------------------------------------------+
; rst  ; Input ; Info     ; Stuck at GND                                                      ;
+------+-------+----------+-------------------------------------------------------------------+


+------------------------------------------------------------------------------------+
; Port Connectivity Checks: "CPU:CPU|proxima_instrucao:INSTR|registradorGenerico:PC" ;
+--------+-------+----------+--------------------------------------------------------+
; Port   ; Type  ; Severity ; Details                                                ;
+--------+-------+----------+--------------------------------------------------------+
; enable ; Input ; Info     ; Stuck at VCC                                           ;
+--------+-------+----------+--------------------------------------------------------+


+-----------------------------------------------------------+
; Port Connectivity Checks: "CPU:CPU|flipflopGenerico:FLAG" ;
+------+-------+----------+---------------------------------+
; Port ; Type  ; Severity ; Details                         ;
+------+-------+----------+---------------------------------+
; rst  ; Input ; Info     ; Stuck at GND                    ;
+------+-------+----------+---------------------------------+


+---------------------------------------------------------------+
; Port Connectivity Checks: "CPU:CPU|registradorGenerico:REG_A" ;
+------+-------+----------+-------------------------------------+
; Port ; Type  ; Severity ; Details                             ;
+------+-------+----------+-------------------------------------+
; rst  ; Input ; Info     ; Stuck at GND                        ;
+------+-------+----------+-------------------------------------+


+-----------------------------------------------------+
; Post-Synthesis Netlist Statistics for Top Partition ;
+-----------------------+-----------------------------+
; Type                  ; Count                       ;
+-----------------------+-----------------------------+
; arriav_lcell_comb     ; 1                           ;
;     normal            ; 1                           ;
;         0 data inputs ; 1                           ;
; boundary_port         ; 43                          ;
;                       ;                             ;
; Max LUT depth         ; 0.00                        ;
; Average LUT depth     ; 0.00                        ;
+-----------------------+-----------------------------+


+-------------------------------+
; Elapsed Time Per Partition    ;
+----------------+--------------+
; Partition Name ; Elapsed Time ;
+----------------+--------------+
; Top            ; 00:00:00     ;
+----------------+--------------+


+-------------------------------+
; Analysis & Synthesis Messages ;
+-------------------------------+
Info: *******************************************************************
Info: Running Quartus Prime Analysis & Synthesis
    Info: Version 20.1.0 Build 711 06/05/2020 SJ Lite Edition
    Info: Processing started: Mon Sep 27 23:18:05 2021
Info: Command: quartus_map --read_settings_files=on --write_settings_files=off computador -c computador
Info (20030): Parallel compilation is enabled and will use 2 of the 2 processors detected
Info (12021): Found 2 design units, including 1 entities, in source file ULASomaSub.vhd
    Info (12022): Found design unit 1: ULASomaSub-comportamento File: /home/leviosa/Documents/Insper/Design de Computadores/descomp/aula_05/ULASomaSub.vhd Line: 15
    Info (12023): Found entity 1: ULASomaSub File: /home/leviosa/Documents/Insper/Design de Computadores/descomp/aula_05/ULASomaSub.vhd Line: 5
Info (12021): Found 2 design units, including 1 entities, in source file soma_constante.vhd
    Info (12022): Found design unit 1: soma_constante-comportamento File: /home/leviosa/Documents/Insper/Design de Computadores/descomp/aula_05/soma_constante.vhd Line: 18
    Info (12023): Found entity 1: soma_constante File: /home/leviosa/Documents/Insper/Design de Computadores/descomp/aula_05/soma_constante.vhd Line: 5
Info (12021): Found 2 design units, including 1 entities, in source file registradorGenerico.vhd
    Info (12022): Found design unit 1: registradorGenerico-comportamento File: /home/leviosa/Documents/Insper/Design de Computadores/descomp/aula_05/registradorGenerico.vhd Line: 16
    Info (12023): Found entity 1: registradorGenerico File: /home/leviosa/Documents/Insper/Design de Computadores/descomp/aula_05/registradorGenerico.vhd Line: 4
Info (12021): Found 2 design units, including 1 entities, in source file proxima_instrucao.vhd
    Info (12022): Found design unit 1: proxima_instrucao-arch_name File: /home/leviosa/Documents/Insper/Design de Computadores/descomp/aula_05/proxima_instrucao.vhd Line: 18
    Info (12023): Found entity 1: proxima_instrucao File: /home/leviosa/Documents/Insper/Design de Computadores/descomp/aula_05/proxima_instrucao.vhd Line: 5
Info (12021): Found 2 design units, including 1 entities, in source file muxGenerico2x1.vhd
    Info (12022): Found design unit 1: muxGenerico2x1-comportamento File: /home/leviosa/Documents/Insper/Design de Computadores/descomp/aula_05/muxGenerico2x1.vhd Line: 15
    Info (12023): Found entity 1: muxGenerico2x1 File: /home/leviosa/Documents/Insper/Design de Computadores/descomp/aula_05/muxGenerico2x1.vhd Line: 5
Info (12021): Found 2 design units, including 1 entities, in source file memoriaROM.vhd
    Info (12022): Found design unit 1: memoriaROM-assincrona File: /home/leviosa/Documents/Insper/Design de Computadores/descomp/aula_05/memoriaROM.vhd Line: 18
    Info (12023): Found entity 1: memoriaROM File: /home/leviosa/Documents/Insper/Design de Computadores/descomp/aula_05/memoriaROM.vhd Line: 7
Info (12021): Found 2 design units, including 1 entities, in source file memoriaRAM.vhd
    Info (12022): Found design unit 1: memoriaRAM-rtl File: /home/leviosa/Documents/Insper/Design de Computadores/descomp/aula_05/memoriaRAM.vhd Line: 21
    Info (12023): Found entity 1: memoriaRAM File: /home/leviosa/Documents/Insper/Design de Computadores/descomp/aula_05/memoriaRAM.vhd Line: 5
Info (12021): Found 3 design units, including 1 entities, in source file edgeDetector.vhd
    Info (12022): Found design unit 1: edgeDetector-bordaSubida File: /home/leviosa/Documents/Insper/Design de Computadores/descomp/aula_05/edgeDetector.vhd Line: 10
    Info (12022): Found design unit 2: edgeDetector-bordaDescida File: /home/leviosa/Documents/Insper/Design de Computadores/descomp/aula_05/edgeDetector.vhd Line: 23
    Info (12023): Found entity 1: edgeDetector File: /home/leviosa/Documents/Insper/Design de Computadores/descomp/aula_05/edgeDetector.vhd Line: 4
Info (12021): Found 2 design units, including 1 entities, in source file decoder.vhd
    Info (12022): Found design unit 1: decoder-arch_name File: /home/leviosa/Documents/Insper/Design de Computadores/descomp/aula_05/decoder.vhd Line: 29
    Info (12023): Found entity 1: decoder File: /home/leviosa/Documents/Insper/Design de Computadores/descomp/aula_05/decoder.vhd Line: 7
Info (12021): Found 1 design units, including 0 entities, in source file computer_constants.vhd
    Info (12022): Found design unit 1: controls File: /home/leviosa/Documents/Insper/Design de Computadores/descomp/aula_05/computer_constants.vhd Line: 4
Info (12021): Found 2 design units, including 1 entities, in source file computador.vhd
    Info (12022): Found design unit 1: computador-arquitetura File: /home/leviosa/Documents/Insper/Design de Computadores/descomp/aula_05/computador.vhd Line: 22
    Info (12023): Found entity 1: computador File: /home/leviosa/Documents/Insper/Design de Computadores/descomp/aula_05/computador.vhd Line: 4
Info (12021): Found 2 design units, including 1 entities, in source file logica_desvio.vhd
    Info (12022): Found design unit 1: logica_desvio-arch_name File: /home/leviosa/Documents/Insper/Design de Computadores/descomp/aula_05/logica_desvio.vhd Line: 15
    Info (12023): Found entity 1: logica_desvio File: /home/leviosa/Documents/Insper/Design de Computadores/descomp/aula_05/logica_desvio.vhd Line: 4
Info (12021): Found 2 design units, including 1 entities, in source file flipflopGenerico.vhd
    Info (12022): Found design unit 1: flipflopGenerico-comportamento File: /home/leviosa/Documents/Insper/Design de Computadores/descomp/aula_05/flipflopGenerico.vhd Line: 13
    Info (12023): Found entity 1: flipflopGenerico File: /home/leviosa/Documents/Insper/Design de Computadores/descomp/aula_05/flipflopGenerico.vhd Line: 4
Info (12021): Found 2 design units, including 1 entities, in source file muxGenerico4x1.vhd
    Info (12022): Found design unit 1: muxGenerico4x1-arch_name File: /home/leviosa/Documents/Insper/Design de Computadores/descomp/aula_05/muxGenerico4x1.vhd Line: 13
    Info (12023): Found entity 1: muxGenerico4x1 File: /home/leviosa/Documents/Insper/Design de Computadores/descomp/aula_05/muxGenerico4x1.vhd Line: 4
Info (12021): Found 2 design units, including 1 entities, in source file CPU.vhd
    Info (12022): Found design unit 1: CPU-arquitetura File: /home/leviosa/Documents/Insper/Design de Computadores/descomp/aula_05/CPU.vhd Line: 24
    Info (12023): Found entity 1: CPU File: /home/leviosa/Documents/Insper/Design de Computadores/descomp/aula_05/CPU.vhd Line: 4
Info (12021): Found 2 design units, including 1 entities, in source file decoder1.vhd
    Info (12022): Found design unit 1: decoder1-arch_name File: /home/leviosa/Documents/Insper/Design de Computadores/descomp/aula_05/decoder1.vhd Line: 15
    Info (12023): Found entity 1: decoder1 File: /home/leviosa/Documents/Insper/Design de Computadores/descomp/aula_05/decoder1.vhd Line: 5
Info (12021): Found 2 design units, including 1 entities, in source file led_r.vhd
    Info (12022): Found design unit 1: led_r-arch_name File: /home/leviosa/Documents/Insper/Design de Computadores/descomp/aula_05/led_r.vhd Line: 17
    Info (12023): Found entity 1: led_r File: /home/leviosa/Documents/Insper/Design de Computadores/descomp/aula_05/led_r.vhd Line: 5
Info (12021): Found 2 design units, including 1 entities, in source file led_solo.vhd
    Info (12022): Found design unit 1: led_solo-arch_name File: /home/leviosa/Documents/Insper/Design de Computadores/descomp/aula_05/led_solo.vhd Line: 16
    Info (12023): Found entity 1: led_solo File: /home/leviosa/Documents/Insper/Design de Computadores/descomp/aula_05/led_solo.vhd Line: 5
Info (12127): Elaborating entity "computador" for the top level hierarchy
Warning (10541): VHDL Signal Declaration warning at computador.vhd(13): used implicit default value for signal "SAIDA" because signal was never assigned a value or an explicit default value. Use of implicit default value may introduce unintended design optimizations. File: /home/leviosa/Documents/Insper/Design de Computadores/descomp/aula_05/computador.vhd Line: 13
Warning (10541): VHDL Signal Declaration warning at computador.vhd(14): used implicit default value for signal "FLAG_JMP" because signal was never assigned a value or an explicit default value. Use of implicit default value may introduce unintended design optimizations. File: /home/leviosa/Documents/Insper/Design de Computadores/descomp/aula_05/computador.vhd Line: 14
Warning (10541): VHDL Signal Declaration warning at computador.vhd(15): used implicit default value for signal "DEST" because signal was never assigned a value or an explicit default value. Use of implicit default value may introduce unintended design optimizations. File: /home/leviosa/Documents/Insper/Design de Computadores/descomp/aula_05/computador.vhd Line: 15
Warning (10541): VHDL Signal Declaration warning at computador.vhd(16): used implicit default value for signal "PC" because signal was never assigned a value or an explicit default value. Use of implicit default value may introduce unintended design optimizations. File: /home/leviosa/Documents/Insper/Design de Computadores/descomp/aula_05/computador.vhd Line: 16
Warning (10541): VHDL Signal Declaration warning at computador.vhd(26): used implicit default value for signal "RST_PC" because signal was never assigned a value or an explicit default value. Use of implicit default value may introduce unintended design optimizations. File: /home/leviosa/Documents/Insper/Design de Computadores/descomp/aula_05/computador.vhd Line: 26
Info (12128): Elaborating entity "CPU" for hierarchy "CPU:CPU" File: /home/leviosa/Documents/Insper/Design de Computadores/descomp/aula_05/computador.vhd Line: 56
Warning (10541): VHDL Signal Declaration warning at CPU.vhd(32): used implicit default value for signal "MUX_IN_0" because signal was never assigned a value or an explicit default value. Use of implicit default value may introduce unintended design optimizations. File: /home/leviosa/Documents/Insper/Design de Computadores/descomp/aula_05/CPU.vhd Line: 32
Warning (10541): VHDL Signal Declaration warning at CPU.vhd(34): used implicit default value for signal "instrucoes_decodificador" because signal was never assigned a value or an explicit default value. Use of implicit default value may introduce unintended design optimizations. File: /home/leviosa/Documents/Insper/Design de Computadores/descomp/aula_05/CPU.vhd Line: 34
Warning (10541): VHDL Signal Declaration warning at CPU.vhd(40): used implicit default value for signal "RST_PC" because signal was never assigned a value or an explicit default value. Use of implicit default value may introduce unintended design optimizations. File: /home/leviosa/Documents/Insper/Design de Computadores/descomp/aula_05/CPU.vhd Line: 40
Warning (10541): VHDL Signal Declaration warning at CPU.vhd(42): used implicit default value for signal "CLK" because signal was never assigned a value or an explicit default value. Use of implicit default value may introduce unintended design optimizations. File: /home/leviosa/Documents/Insper/Design de Computadores/descomp/aula_05/CPU.vhd Line: 42
Info (12128): Elaborating entity "muxGenerico2x1" for hierarchy "CPU:CPU|muxGenerico2x1:MUX1" File: /home/leviosa/Documents/Insper/Design de Computadores/descomp/aula_05/CPU.vhd Line: 62
Info (12128): Elaborating entity "registradorGenerico" for hierarchy "CPU:CPU|registradorGenerico:REG_A" File: /home/leviosa/Documents/Insper/Design de Computadores/descomp/aula_05/CPU.vhd Line: 72
Info (12128): Elaborating entity "ULASomaSub" for hierarchy "CPU:CPU|ULASomaSub:ULA1" File: /home/leviosa/Documents/Insper/Design de Computadores/descomp/aula_05/CPU.vhd Line: 83
Info (12128): Elaborating entity "flipflopGenerico" for hierarchy "CPU:CPU|flipflopGenerico:FLAG" File: /home/leviosa/Documents/Insper/Design de Computadores/descomp/aula_05/CPU.vhd Line: 94
Info (12128): Elaborating entity "decoder" for hierarchy "CPU:CPU|decoder:DECODER" File: /home/leviosa/Documents/Insper/Design de Computadores/descomp/aula_05/CPU.vhd Line: 107
Info (12128): Elaborating entity "logica_desvio" for hierarchy "CPU:CPU|logica_desvio:LOG_DESVIO" File: /home/leviosa/Documents/Insper/Design de Computadores/descomp/aula_05/CPU.vhd Line: 124
Info (12128): Elaborating entity "proxima_instrucao" for hierarchy "CPU:CPU|proxima_instrucao:INSTR" File: /home/leviosa/Documents/Insper/Design de Computadores/descomp/aula_05/CPU.vhd Line: 135
Info (12128): Elaborating entity "registradorGenerico" for hierarchy "CPU:CPU|proxima_instrucao:INSTR|registradorGenerico:PC" File: /home/leviosa/Documents/Insper/Design de Computadores/descomp/aula_05/proxima_instrucao.vhd Line: 31
Info (12128): Elaborating entity "soma_constante" for hierarchy "CPU:CPU|proxima_instrucao:INSTR|soma_constante:SOMA_CONST" File: /home/leviosa/Documents/Insper/Design de Computadores/descomp/aula_05/proxima_instrucao.vhd Line: 41
Info (12128): Elaborating entity "muxGenerico4x1" for hierarchy "CPU:CPU|proxima_instrucao:INSTR|muxGenerico4x1:MUX2" File: /home/leviosa/Documents/Insper/Design de Computadores/descomp/aula_05/proxima_instrucao.vhd Line: 60
Info (12128): Elaborating entity "memoriaRAM" for hierarchy "memoriaRAM:RAM" File: /home/leviosa/Documents/Insper/Design de Computadores/descomp/aula_05/computador.vhd Line: 70
Info (12128): Elaborating entity "memoriaROM" for hierarchy "memoriaROM:ROM" File: /home/leviosa/Documents/Insper/Design de Computadores/descomp/aula_05/computador.vhd Line: 82
Warning (10542): VHDL Variable Declaration warning at memoriaROM.vhd(23): used initial value expression for variable "tmp" because variable was never assigned a value File: /home/leviosa/Documents/Insper/Design de Computadores/descomp/aula_05/memoriaROM.vhd Line: 23
Info (12128): Elaborating entity "decoder1" for hierarchy "decoder1:DECODER0" File: /home/leviosa/Documents/Insper/Design de Computadores/descomp/aula_05/computador.vhd Line: 89
Info (10041): Inferred latch for "out_signal[0]" at decoder1.vhd(19) File: /home/leviosa/Documents/Insper/Design de Computadores/descomp/aula_05/decoder1.vhd Line: 19
Info (10041): Inferred latch for "out_signal[1]" at decoder1.vhd(19) File: /home/leviosa/Documents/Insper/Design de Computadores/descomp/aula_05/decoder1.vhd Line: 19
Info (10041): Inferred latch for "out_signal[2]" at decoder1.vhd(19) File: /home/leviosa/Documents/Insper/Design de Computadores/descomp/aula_05/decoder1.vhd Line: 19
Info (10041): Inferred latch for "out_signal[3]" at decoder1.vhd(19) File: /home/leviosa/Documents/Insper/Design de Computadores/descomp/aula_05/decoder1.vhd Line: 19
Info (10041): Inferred latch for "out_signal[4]" at decoder1.vhd(19) File: /home/leviosa/Documents/Insper/Design de Computadores/descomp/aula_05/decoder1.vhd Line: 19
Info (10041): Inferred latch for "out_signal[5]" at decoder1.vhd(19) File: /home/leviosa/Documents/Insper/Design de Computadores/descomp/aula_05/decoder1.vhd Line: 19
Info (10041): Inferred latch for "out_signal[6]" at decoder1.vhd(19) File: /home/leviosa/Documents/Insper/Design de Computadores/descomp/aula_05/decoder1.vhd Line: 19
Info (10041): Inferred latch for "out_signal[7]" at decoder1.vhd(19) File: /home/leviosa/Documents/Insper/Design de Computadores/descomp/aula_05/decoder1.vhd Line: 19
Info (12128): Elaborating entity "led_solo" for hierarchy "led_solo:FLIP_0" File: /home/leviosa/Documents/Insper/Design de Computadores/descomp/aula_05/computador.vhd Line: 107
Info (12128): Elaborating entity "led_r" for hierarchy "led_r:LEDs_R" File: /home/leviosa/Documents/Insper/Design de Computadores/descomp/aula_05/computador.vhd Line: 126
Warning (13024): Output pins are stuck at VCC or GND
    Warning (13410): Pin "SAIDA[0]" is stuck at GND File: /home/leviosa/Documents/Insper/Design de Computadores/descomp/aula_05/computador.vhd Line: 13
    Warning (13410): Pin "SAIDA[1]" is stuck at GND File: /home/leviosa/Documents/Insper/Design de Computadores/descomp/aula_05/computador.vhd Line: 13
    Warning (13410): Pin "SAIDA[2]" is stuck at GND File: /home/leviosa/Documents/Insper/Design de Computadores/descomp/aula_05/computador.vhd Line: 13
    Warning (13410): Pin "SAIDA[3]" is stuck at GND File: /home/leviosa/Documents/Insper/Design de Computadores/descomp/aula_05/computador.vhd Line: 13
    Warning (13410): Pin "SAIDA[4]" is stuck at GND File: /home/leviosa/Documents/Insper/Design de Computadores/descomp/aula_05/computador.vhd Line: 13
    Warning (13410): Pin "SAIDA[5]" is stuck at GND File: /home/leviosa/Documents/Insper/Design de Computadores/descomp/aula_05/computador.vhd Line: 13
    Warning (13410): Pin "SAIDA[6]" is stuck at GND File: /home/leviosa/Documents/Insper/Design de Computadores/descomp/aula_05/computador.vhd Line: 13
    Warning (13410): Pin "SAIDA[7]" is stuck at GND File: /home/leviosa/Documents/Insper/Design de Computadores/descomp/aula_05/computador.vhd Line: 13
    Warning (13410): Pin "FLAG_JMP[0]" is stuck at GND File: /home/leviosa/Documents/Insper/Design de Computadores/descomp/aula_05/computador.vhd Line: 14
    Warning (13410): Pin "FLAG_JMP[1]" is stuck at GND File: /home/leviosa/Documents/Insper/Design de Computadores/descomp/aula_05/computador.vhd Line: 14
    Warning (13410): Pin "DEST[0]" is stuck at GND File: /home/leviosa/Documents/Insper/Design de Computadores/descomp/aula_05/computador.vhd Line: 15
    Warning (13410): Pin "DEST[1]" is stuck at GND File: /home/leviosa/Documents/Insper/Design de Computadores/descomp/aula_05/computador.vhd Line: 15
    Warning (13410): Pin "DEST[2]" is stuck at GND File: /home/leviosa/Documents/Insper/Design de Computadores/descomp/aula_05/computador.vhd Line: 15
    Warning (13410): Pin "DEST[3]" is stuck at GND File: /home/leviosa/Documents/Insper/Design de Computadores/descomp/aula_05/computador.vhd Line: 15
    Warning (13410): Pin "DEST[4]" is stuck at GND File: /home/leviosa/Documents/Insper/Design de Computadores/descomp/aula_05/computador.vhd Line: 15
    Warning (13410): Pin "DEST[5]" is stuck at GND File: /home/leviosa/Documents/Insper/Design de Computadores/descomp/aula_05/computador.vhd Line: 15
    Warning (13410): Pin "DEST[6]" is stuck at GND File: /home/leviosa/Documents/Insper/Design de Computadores/descomp/aula_05/computador.vhd Line: 15
    Warning (13410): Pin "DEST[7]" is stuck at GND File: /home/leviosa/Documents/Insper/Design de Computadores/descomp/aula_05/computador.vhd Line: 15
    Warning (13410): Pin "DEST[8]" is stuck at GND File: /home/leviosa/Documents/Insper/Design de Computadores/descomp/aula_05/computador.vhd Line: 15
    Warning (13410): Pin "PC[0]" is stuck at GND File: /home/leviosa/Documents/Insper/Design de Computadores/descomp/aula_05/computador.vhd Line: 16
    Warning (13410): Pin "PC[1]" is stuck at GND File: /home/leviosa/Documents/Insper/Design de Computadores/descomp/aula_05/computador.vhd Line: 16
    Warning (13410): Pin "PC[2]" is stuck at GND File: /home/leviosa/Documents/Insper/Design de Computadores/descomp/aula_05/computador.vhd Line: 16
    Warning (13410): Pin "PC[3]" is stuck at GND File: /home/leviosa/Documents/Insper/Design de Computadores/descomp/aula_05/computador.vhd Line: 16
    Warning (13410): Pin "PC[4]" is stuck at GND File: /home/leviosa/Documents/Insper/Design de Computadores/descomp/aula_05/computador.vhd Line: 16
    Warning (13410): Pin "PC[5]" is stuck at GND File: /home/leviosa/Documents/Insper/Design de Computadores/descomp/aula_05/computador.vhd Line: 16
    Warning (13410): Pin "PC[6]" is stuck at GND File: /home/leviosa/Documents/Insper/Design de Computadores/descomp/aula_05/computador.vhd Line: 16
    Warning (13410): Pin "PC[7]" is stuck at GND File: /home/leviosa/Documents/Insper/Design de Computadores/descomp/aula_05/computador.vhd Line: 16
    Warning (13410): Pin "PC[8]" is stuck at GND File: /home/leviosa/Documents/Insper/Design de Computadores/descomp/aula_05/computador.vhd Line: 16
    Warning (13410): Pin "LED_R[0]" is stuck at GND File: /home/leviosa/Documents/Insper/Design de Computadores/descomp/aula_05/computador.vhd Line: 17
    Warning (13410): Pin "LED_R[1]" is stuck at GND File: /home/leviosa/Documents/Insper/Design de Computadores/descomp/aula_05/computador.vhd Line: 17
    Warning (13410): Pin "LED_R[2]" is stuck at GND File: /home/leviosa/Documents/Insper/Design de Computadores/descomp/aula_05/computador.vhd Line: 17
    Warning (13410): Pin "LED_R[3]" is stuck at GND File: /home/leviosa/Documents/Insper/Design de Computadores/descomp/aula_05/computador.vhd Line: 17
    Warning (13410): Pin "LED_R[4]" is stuck at GND File: /home/leviosa/Documents/Insper/Design de Computadores/descomp/aula_05/computador.vhd Line: 17
    Warning (13410): Pin "LED_R[5]" is stuck at GND File: /home/leviosa/Documents/Insper/Design de Computadores/descomp/aula_05/computador.vhd Line: 17
    Warning (13410): Pin "LED_R[6]" is stuck at GND File: /home/leviosa/Documents/Insper/Design de Computadores/descomp/aula_05/computador.vhd Line: 17
    Warning (13410): Pin "LED_R[7]" is stuck at GND File: /home/leviosa/Documents/Insper/Design de Computadores/descomp/aula_05/computador.vhd Line: 17
    Warning (13410): Pin "LED_R[8]" is stuck at GND File: /home/leviosa/Documents/Insper/Design de Computadores/descomp/aula_05/computador.vhd Line: 17
    Warning (13410): Pin "LED_R[9]" is stuck at GND File: /home/leviosa/Documents/Insper/Design de Computadores/descomp/aula_05/computador.vhd Line: 17
Info (16010): Generating hard_block partition "hard_block:auto_generated_inst"
    Info (16011): Adding 0 node(s), including 0 DDIO, 0 PLL, 0 transceiver and 0 LCELL
Warning (21074): Design contains 5 input pin(s) that do not drive logic
    Warning (15610): No output dependent on input pin "CLOCK" File: /home/leviosa/Documents/Insper/Design de Computadores/descomp/aula_05/computador.vhd Line: 11
    Warning (15610): No output dependent on input pin "KEY[1]" File: /home/leviosa/Documents/Insper/Design de Computadores/descomp/aula_05/computador.vhd Line: 12
    Warning (15610): No output dependent on input pin "KEY[2]" File: /home/leviosa/Documents/Insper/Design de Computadores/descomp/aula_05/computador.vhd Line: 12
    Warning (15610): No output dependent on input pin "KEY[3]" File: /home/leviosa/Documents/Insper/Design de Computadores/descomp/aula_05/computador.vhd Line: 12
    Warning (15610): No output dependent on input pin "KEY[0]" File: /home/leviosa/Documents/Insper/Design de Computadores/descomp/aula_05/computador.vhd Line: 12
Info (21057): Implemented 43 device resources after synthesis - the final resource count might be different
    Info (21058): Implemented 5 input pins
    Info (21059): Implemented 38 output pins
Info: Quartus Prime Analysis & Synthesis was successful. 0 errors, 55 warnings
    Info: Peak virtual memory: 476 megabytes
    Info: Processing ended: Mon Sep 27 23:18:24 2021
    Info: Elapsed time: 00:00:19
    Info: Total CPU time (on all processors): 00:00:34


